!========================================================================================================================!
!                                                                                                                        !
!                                                 VELOXCHEM (V.0.0 2019)                                                 !
!                                              AN ELECTRONIC STRUCTURE CODE                                              !
!                                                                                                                        !
!                                        Copyright (c) 2019 VeloxChem developers.                                        !
!                                                  All rights reserved.                                                  !
!========================================================================================================================!
!                                VeloxChem execution started at Wed Jun 26 10:14:50 2019.                                !
!========================================================================================================================!
                                                                                                                          
* Info * Reading input file h2o.inp...                                                                                    
* Info * Found 6 control groups.                                                                                          
* Info * ...done.                                                                                                         
                                                                                                                          
* Info * Parsing @molecule group...                                                                                       
* Info * ...done.                                                                                                         
                                                                                                                          
                                              Molecular Geometry (Angstroms)                                              
                                             ================================                                             
                                                                                                                          
                          Atom         Coordinate X          Coordinate Y          Coordinate Z                           
                                                                                                                          
                           O           0.000000000000        0.000000000000        0.000000000000                         
                           H           0.000000000000        0.740848095288        0.582094932012                         
                           H           0.000000000000       -0.740848095288        0.582094932012                         
                                                                                                                          
* Info * Parsing @method settings group...                                                                                
* Info * ...done.                                                                                                         
                                                                                                                          
* Info * Reading basis set: /home/olav/dev/py/loprop/venv/lib/python3.6/site-packages/veloxchem/basis/AUG-CC-PVDZ         
                                                                                                                          
                                              Molecular Basis (Atomic Basis)                                              
                                             ================================                                             
                                                                                                                          
                                  Basis: AUG-CC-PVDZ                                                                      
                                                                                                                          
                                  Atom Contracted GTOs          Primitive GTOs                                            
                                                                                                                          
                                   H   (3S,2P)                  (5S,2P)                                                   
                                   O   (4S,3P,2D)               (18S,5P,2D)                                               
                                                                                                                          
                                  Contracted Basis Functions : 41                                                         
                                  Primitive Basis Functions  : 65                                                         
                                                                                                                          
                                                                                                                          
                                            Self Consistent Field Driver Setup                                            
                                           ====================================                                           
                                                                                                                          
                     Wave Function Model          : Spin-Restricted Hartree-Fock                                          
                     Initial Guess Model          : Superposition of Atomic Densities                                     
                     Convergence Accelerator      : Two Level Direct Inversion of Iterative Subspace                      
                     Max. Number Of Iterations    : 50                                                                    
                     Max. Number Of Error Vectors : 10                                                                    
                     Convergence Threshold        : 1.0e-06                                                               
                     ERI screening scheme         : Cauchy Schwarz + Density                                              
                     ERI screening mode           : Dynamic                                                               
                     ERI Screening Threshold      : 1.0e-12                                                               
                     Linear Dependence Threshold  : 1.0e-06                                                               
                                                                                                                          
* Info * Overlap matrix computed in 0.00 sec.                                                                             
                                                                                                                          
* Info * Kinetic energy matrix computed in 0.00 sec.                                                                      
                                                                                                                          
* Info * Nuclear potential matrix computed in 0.00 sec.                                                                   
                                                                                                                          
* Info * Orthogonalization matrix computed in 0.07 sec.                                                                   
                                                                                                                          
* Info * SAD initial guess computed in 0.00 sec.                                                                          
                                                                                                                          
* Info * Starting Reduced Basis SCF calculation...                                                                        
* Info * ...done. SCF energy: -75.990361787551 au. Time: 0.33 sec.                                                        
                                                                                                                          
* Info * Overlap matrix computed in 0.02 sec.                                                                             
                                                                                                                          
* Info * Kinetic energy matrix computed in 0.03 sec.                                                                      
                                                                                                                          
* Info * Nuclear potential matrix computed in 0.03 sec.                                                                   
                                                                                                                          
* Info * Orthogonalization matrix computed in 0.00 sec.                                                                   
                                                                                                                          
                                                                                                                          
               Iter. |   Hartree-Fock Energy, au   | Energy Change, au |  Gradient Norm  | Density Change |               
               --------------------------------------------------------------------------------------------               
                  1          -76.040221546374           0.0000000000        0.10531499        0.00000000                  
                  2          -76.041571326630          -0.0013497803        0.02436867        0.03665446                  
                  3          -76.041680416153          -0.0001090895        0.00956936        0.00827838                  
                  4          -76.041694548475          -0.0000141323        0.00466016        0.00377972                  
                  5          -76.041697363349          -0.0000028149        0.00089854        0.00118893                  
                  6          -76.041697545360          -0.0000001820        0.00011580        0.00051496                  
                  7          -76.041697549750          -0.0000000044        0.00001539        0.00006936                  
                  8          -76.041697549816          -0.0000000001        0.00000285        0.00000813                  
                  9          -76.041697549818          -0.0000000000        0.00000038        0.00000169                  
                                                                                                                          
               *** SCF converged in 9 iterations. Time: 1.25 sec.                                                         
                                                                                                                          
               Spin-Restricted Hartree-Fock:                                                                              
               -----------------------------                                                                              
               Total Energy                       :      -76.0416975498 au                                                
               Electronic Energy                  :      -85.3853357078 au                                                
               Nuclear Repulsion Energy           :        9.3436381580 au                                                
               ------------------------------------                                                                       
               Gradient Norm                      :        0.0000003799 au                                                
                                                                                                                          
               Ground State Information                                                                                   
               ------------------------                                                                                   
               Charge of Molecule            :  0.0                                                                       
               Multiplicity (2S+1)           :  1.0                                                                       
               Magnetic Quantum Number (S_z) :  0.0                                                                       
                                                                                                                          
                                                                                                                          
                                                 Spin Restricted Orbitals                                                 
                                                 ------------------------                                                 
                                                                                                                          
               Molecular Orbital No.   1:                                                                                 
               --------------------------                                                                                 
               Occupation: 2.0 Energy:  -20.57504 au                                                                      
               (   1 O   1s  :    -1.00)                                                                                  
                                                                                                                          
               Molecular Orbital No.   2:                                                                                 
               --------------------------                                                                                 
               Occupation: 2.0 Energy:   -1.36523 au                                                                      
               (   1 O   2s  :    -0.45) (   1 O   3s  :    -0.36) (   2 H   1s  :    -0.21)                              
               (   3 H   1s  :    -0.21)                                                                                  
                                                                                                                          
               Molecular Orbital No.   3:                                                                                 
               --------------------------                                                                                 
               Occupation: 2.0 Energy:   -0.72596 au                                                                      
               (   1 O   1p-1:     0.50) (   1 O   2p-1:     0.19) (   2 H   1s  :     0.35)                              
               (   3 H   1s  :    -0.35)                                                                                  
                                                                                                                          
               Molecular Orbital No.   4:                                                                                 
               --------------------------                                                                                 
               Occupation: 2.0 Energy:   -0.59018 au                                                                      
               (   1 O   2s  :    -0.15) (   1 O   3s  :    -0.33) (   1 O   1p0 :     0.55)                              
               (   1 O   2p0 :     0.32) (   2 H   1s  :     0.21) (   3 H   1s  :     0.21)                              
                                                                                                                          
               Molecular Orbital No.   5:                                                                                 
               --------------------------                                                                                 
               Occupation: 2.0 Energy:   -0.51096 au                                                                      
               (   1 O   1p+1:     0.63) (   1 O   2p+1:     0.45)                                                        
                                                                                                                          
               Molecular Orbital No.   6:                                                                                 
               --------------------------                                                                                 
               Occupation: 0.0 Energy:    0.03562 au                                                                      
               (   1 O   3s  :    -0.23) (   1 O   4s  :    -1.58) (   1 O   3p0 :    -0.21)                              
               (   2 H   2s  :     0.49) (   2 H   3s  :     0.84) (   3 H   2s  :     0.49)                              
               (   3 H   3s  :     0.84)                                                                                  
                                                                                                                          
               Molecular Orbital No.   7:                                                                                 
               --------------------------                                                                                 
               Occupation: 0.0 Energy:    0.05807 au                                                                      
               (   1 O   3p-1:     0.84) (   2 H   2s  :    -0.57) (   2 H   3s  :    -3.04)                              
               (   3 H   2s  :     0.57) (   3 H   3s  :     3.04)                                                        
                                                                                                                          
               Molecular Orbital No.   8:                                                                                 
               --------------------------                                                                                 
               Occupation: 0.0 Energy:    0.17348 au                                                                      
               (   1 O   3s  :    -0.38) (   1 O   4s  :    -4.12) (   1 O   1p0 :     0.17)                              
               (   1 O   3p0 :    -1.93) (   2 H   2s  :     1.79) (   2 H   3s  :     0.62)                              
               (   2 H   2p-1:    -0.31) (   3 H   2s  :     1.79) (   3 H   3s  :     0.62)                              
               (   3 H   2p-1:     0.31)                                                                                  
                                                                                                                          
               Molecular Orbital No.   9:                                                                                 
               --------------------------                                                                                 
               Occupation: 0.0 Energy:    0.19602 au                                                                      
               (   1 O   1p+1:    -0.17) (   1 O   2p+1:    -0.24) (   1 O   3p+1:     1.45)                              
               (   2 H   2p+1:    -0.29) (   3 H   2p+1:    -0.29)                                                        
                                                                                                                          
               Molecular Orbital No.  10:                                                                                 
               --------------------------                                                                                 
               Occupation: 0.0 Energy:    0.22379 au                                                                      
               (   1 O   2s  :    -0.19) (   1 O   4s  :     3.04) (   1 O   2p0 :     0.18)                              
               (   1 O   3p0 :    -0.47) (   2 H   2s  :    -0.56) (   2 H   3s  :    -0.69)                              
               (   2 H   2p-1:     0.43) (   2 H   2p0 :     0.50) (   3 H   2s  :    -0.56)                              
               (   3 H   3s  :    -0.69) (   3 H   2p-1:    -0.43) (   3 H   2p0 :     0.50)                              
                                                                                                                          
* Info * Checkpoint written to file: h2o.scf.h5                                                                           
                                                                                                                          
!========================================================================================================================!
!                               VeloxChem execution completed at Wed Jun 26 10:14:51 2019.                               !
!========================================================================================================================!
!                                           Total execution time is 1.70 sec.                                            !
!========================================================================================================================!
